{"level":"info","message":{"method":"GET","url":"/users"},"timestamp":"2026-05-25 19:28:07"}
{"level":"info","message":{"method":"GET","url":"/users"},"timestamp":"2026-05-25 19:34:41"}
{"level":"info","message":{"method":"POST","url":"/users"},"timestamp":"2026-05-25 19:35:10"}
{"level":"info","message":{"method":"GET","url":"/users"},"timestamp":"2026-05-25 19:35:32"}
{"level":"info","message":{"method":"PUT","url":"/users/1"},"timestamp":"2026-05-25 19:41:51"}
{"level":"info","message":{"method":"PUT","url":"/users/1"},"timestamp":"2026-05-25 19:42:08"}
{"level":"info","message":{"method":"PUT","url":"/users/1"},"timestamp":"2026-05-25 19:43:37"}
{"level":"info","message":{"method":"GET","url":"/users"},"timestamp":"2026-05-25 19:43:43"}
{"level":"info","message":{"method":"GET","url":"/users"},"timestamp":"2026-05-25 19:44:27"}
{"level":"info","message":{"method":"PUT","url":"/users/1"},"timestamp":"2026-05-25 19:44:35"}
{"level":"info","message":{"method":"GET","url":"/users"},"timestamp":"2026-05-25 19:44:37"}
{"level":"info","message":{"method":"PUT","url":"/users/1"},"timestamp":"2026-05-25 19:52:03"}
{"level":"info","message":{"method":"PUT","url":"/users/100"},"timestamp":"2026-05-25 19:52:23"}
{"level":"info","message":{"method":"PUT","url":"/users/100"},"timestamp":"2026-05-25 19:52:42"}
{"level":"info","message":{"method":"PUT","url":"/users/100"},"timestamp":"2026-05-25 19:53:28"}{"level":"info","message":{"method":"POST","url":"/users"},"timestamp":"2026-05-26 19:02:38"}
{"level":"info","message":{"method":"POST","url":"/users"},"timestamp":"2026-05-26 19:02:52"}
{"level":"info","message":{"method":"POST","url":"/users"},"timestamp":"2026-05-26 19:04:47"}
{"level":"info","message":{"method":"POST","url":"/users"},"timestamp":"2026-05-26 19:05:07"}
{"level":"info","message":{"method":"POST","url":"/users"},"timestamp":"2026-05-26 19:05:43"}
{"level":"info","message":{"method":"POST","url":"/users"},"timestamp":"2026-05-26 19:05:56"}
{"level":"info","message":{"method":"POST","url":"/users"},"timestamp":"2026-05-26 19:10:34"}
{"level":"info","message":{"method":"POST","url":"/users"},"timestamp":"2026-05-26 19:10:47"}
{"level":"info","message":{"method":"POST","url":"/users"},"timestamp":"2026-05-26 19:11:15"}
{"level":"info","message":{"method":"POST","url":"/users"},"timestamp":"2026-05-26 19:11:57"}
{"level":"info","message":{"method":"POST","url":"/users"},"timestamp":"2026-05-26 19:13:06"}
{"level":"info","message":{"method":"POST","url":"/users"},"timestamp":"2026-05-26 19:16:32"}
{"level":"info","message":{"method":"POST","url":"/users"},"timestamp":"2026-05-26 19:22:48"}
{"level":"info","message":{"method":"POST","url":"/users"},"timestamp":"2026-05-26 19:23:11"}
{"level":"info","message":{"method":"POST","url":"/users"},"timestamp":"2026-05-26 19:23:12"}
{"level":"info","message":{"method":"POST","url":"/users"},"timestamp":"2026-05-26 19:23:35"}
{"level":"info","message":{"method":"POST","url":"/users"},"timestamp":"2026-05-26 19:23:42"}
{"level":"info","message":{"method":"POST","url":"/users"},"timestamp":"2026-05-26 19:24:09"}
{"level":"info","message":{"method":"POST","url":"/users"},"timestamp":"2026-05-26 19:24:14"}
{"level":"info","message":{"method":"POST","url":"/users"},"timestamp":"2026-05-26 19:24:20"}
{"level":"info","message":{"method":"POST","url":"/users"},"timestamp":"2026-05-26 19:25:27"}
{"level":"info","message":{"method":"POST","url":"/users"},"timestamp":"2026-05-26 19:25:35"}
{"level":"info","message":{"method":"POST","url":"/users"},"timestamp":"2026-05-26 19:44:33"}
{"level":"info","message":{"method":"POST","url":"/users"},"timestamp":"2026-05-26 19:44:45"}
{"level":"info","message":{"method":"POST","url":"/users"},"timestamp":"2026-05-26 19:45:02"}
{"level":"info","message":{"method":"POST","url":"/users"},"timestamp":"2026-05-26 19:46:01"}
{"level":"info","message":{"method":"POST","url":"/users"},"timestamp":"2026-05-26 19:46:06"}
{"level":"info","message":{"method":"POST","url":"/users"},"timestamp":"2026-05-26 19:46:23"}
{"level":"info","message":{"method":"POST","url":"/users"},"timestamp":"2026-05-26 19:46:25"}
{"level":"info","message":{"method":"POST","url":"/users"},"timestamp":"2026-05-27 21:56:41"}
{"level":"info","message":{"method":"POST","url":"/users"},"timestamp":"2026-05-27 21:57:55"}
{"level":"info","message":{"method":"POST","url":"/users"},"timestamp":"2026-05-27 21:59:41"}
{"level":"info","message":{"method":"POST","url":"/users"},"timestamp":"2026-05-27 22:00:04"}
{"level":"info","message":{"method":"POST","url":"/users"},"timestamp":"2026-05-27 22:02:28"}
{"level":"info","message":{"method":"POST","url":"/users"},"timestamp":"2026-05-28 19:09:53"}
{"level":"info","message":{"method":"POST","url":"/users"},"timestamp":"2026-05-28 19:11:22"}
{"level":"info","message":{"method":"POST","url":"/users"},"timestamp":"2026-05-28 19:11:35"}
{"level":"info","message":{"method":"POST","url":"/users"},"timestamp":"2026-05-28 19:12:11"}
{"level":"info","message":{"method":"POST","url":"/users"},"timestamp":"2026-05-28 19:36:51"}
{"level":"info","message":{"method":"POST","url":"/users"},"timestamp":"2026-05-28 19:37:55"}
{"level":"info","message":{"method":"POST","url":"/users"},"timestamp":"2026-05-28 19:38:39"}
{"level":"info","message":{"method":"POST","url":"/users"},"timestamp":"2026-05-28 19:38:51"}
{"level":"info","message":{"method":"GET","url":"/users"},"timestamp":"2026-05-28 19:43:22"}
{"level":"info","message":{"method":"GET","url":"/users"},"timestamp":"2026-05-28 19:59:05"}
{"level":"info","message":{"method":"GET","url":"/users/6a163537de47a1795955bfca"},"timestamp":"2026-05-28 20:04:42"}
{"level":"info","message":{"method":"GET","url":"/users/6a163537de47a1795955bfca"},"timestamp":"2026-05-28 20:05:19"}
{"level":"info","message":{"method":"GET","url":"/users/6a163537de47a1795955bfca"},"timestamp":"2026-05-28 20:05:33"}
{"level":"info","message":{"method":"GET","url":"/users/6a163537de47a1795955bfca"},"timestamp":"2026-05-28 20:06:21"}
{"level":"info","message":{"method":"GET","url":"/users"},"timestamp":"2026-05-28 20:06:32"}
{"level":"info","message":{"method":"GET","url":"/users/6a18c3fb57153b1afa04aa1f"},"timestamp":"2026-05-28 20:06:41"}
{"level":"info","message":{"method":"PUT","url":"/users/6a18c3fb57153b1afa04aa1f"},"timestamp":"2026-05-28 20:40:43"}
{"level":"info","message":{"method":"GET","url":"/users/"},"timestamp":"2026-05-28 20:40:51"}
{"level":"info","message":{"method":"DELETE","url":"/users/6a163537de47a1795955bfca"},"timestamp":"2026-05-28 20:47:39"}
{"level":"info","message":{"method":"GET","url":"/users"},"timestamp":"2026-05-28 20:47:48"}
{"level":"info","message":{"method":"PATCH","url":"/users/6a1634c7de47a1795955bfc9"},"timestamp":"2026-05-28 20:54:03"}
{"level":"info","message":{"method":"PATCH","url":"/users/6a1634c7de47a1795955bfc9"},"timestamp":"2026-05-28 20:54:42"}
{"level":"info","message":{"method":"PATCH","url":"/users/6a1634c7de47a1795955bfc9"},"timestamp":"2026-05-28 20:55:21"}
{"level":"info","message":{"method":"GET","url":"/users/6a1634c7de47a1795955bfc9"},"timestamp":"2026-05-28 20:55:29"}
{"level":"info","message":{"method":"GET","url":"/users"},"timestamp":"2026-05-28 20:55:44"}
{"level":"info","message":{"method":"PATCH","url":"/users/6a1634c7de47a1795955bfc9"},"timestamp":"2026-05-28 20:56:40"}
{"level":"info","message":{"method":"GET","url":"/users/6a1634c7de47a1795955bfc9"},"timestamp":"2026-05-28 20:56:45"}
{"level":"info","message":{"method":"GET","url":"/users"},"timestamp":"2026-05-28 20:56:51"}
{"level":"info","message":{"method":"PATCH","url":"/users/6a163579de47a1795955bfcb"},"timestamp":"2026-05-28 20:57:14"}
{"level":"info","message":{"method":"GET","url":"/users/6a163579de47a1795955bfcb"},"timestamp":"2026-05-28 20:57:18"}
{"level":"info","message":{"method":"GET","url":"/users"},"timestamp":"2026-05-28 20:57:23"}
{"level":"info","message":{"method":"PATCH","url":"/users/6a18c3fb57153b1afa04aa1f"},"timestamp":"2026-05-28 21:08:48"}
{"level":"info","message":{"method":"GET","url":"/users/6a18c3fb57153b1afa04aa1f"},"timestamp":"2026-05-28 21:08:54"}
{"level":"info","message":{"method":"GET","url":"/users"},"timestamp":"2026-06-01 18:52:11"}
{"level":"info","message":{"method":"PUT","url":"/users/6a18c3fb57153b1afa04aa1f"},"timestamp":"2026-06-01 18:52:40"}
{"level":"info","message":{"method":"PATCH","url":"/users/6a18c3fb57153b1afa04aa1f"},"timestamp":"2026-06-01 18:55:33"}
{"level":"info","message":{"method":"GET","url":"/users/6a18c3fb57153b1afa04aa1f"},"timestamp":"2026-06-01 18:55:46"}
{"level":"info","message":{"method":"PATCH","url":"/users/6a18c3fb57153b1afa04aa1f"},"timestamp":"2026-06-01 18:55:56"}
{"level":"info","message":{"method":"PATCH","url":"/users/6a18c3fb57153b1afa04aa1f"},"timestamp":"2026-06-01 18:56:19"}
